Copyright 1986-2022 Xilinx, Inc. All Rights Reserved. Copyright 2022-2024 Advanced Micro Devices, Inc. All Rights Reserved.
------------------------------------------------------------------------------------------------------------------------------------------------------------------------------------------------------------
| Tool Version : Vivado v.2023.2.2 (lin64) Build 4126759 Thu Feb  8 23:52:05 MST 2024
| Date         : Mon Feb 26 21:37:33 2024
| Host         : csa running 64-bit Ubuntu 20.04.6 LTS
| Command      : report_bus_skew -warn_on_violation -file bd_0_wrapper_bus_skew_postroute_physopted.rpt -pb bd_0_wrapper_bus_skew_postroute_physopted.pb -rpx bd_0_wrapper_bus_skew_postroute_physopted.rpx
| Design       : bd_0_wrapper
| Device       : 7a200t-sbv484
| Speed File   : -1  PRODUCTION 1.23 2018-06-13
| Design State : Physopt postRoute
------------------------------------------------------------------------------------------------------------------------------------------------------------------------------------------------------------

Bus Skew Report

No bus skew constraints

