

================================================================
== Vitis HLS Report for 'solveCooling'
================================================================
* Date:           Mon Feb 26 21:34:42 2024

* Version:        2023.2.2 (Build 4101106 on Feb  9 2024)
* Project:        hls_component
* Solution:       hls (Vivado IP Flow Target)
* Product family: artix7
* Target device:  xc7a200t-sbv484-1


================================================================
== Performance Estimates
================================================================
+ Timing: 
    * Summary: 
    +--------+----------+----------+------------+
    |  Clock |  Target  | Estimated| Uncertainty|
    +--------+----------+----------+------------+
    |ap_clk  |  10.00 ns|  6.860 ns|     2.70 ns|
    +--------+----------+----------+------------+

+ Latency: 
    * Summary: 
    +---------+---------+-----------+-----------+-----+-----+---------+
    |  Latency (cycles) |   Latency (absolute)  |  Interval | Pipeline|
    |   min   |   max   |    min    |    max    | min | max |   Type  |
    +---------+---------+-----------+-----------+-----+-----+---------+
    |        6|        6|  60.000 ns|  60.000 ns|    7|    7|       no|
    +---------+---------+-----------+-----------+-----+-----+---------+

    + Detail: 
        * Instance: 
        N/A

        * Loop: 
        N/A



================================================================
== Utilization Estimates
================================================================
* Summary: 
+-----------------+---------+-----+--------+--------+-----+
|       Name      | BRAM_18K| DSP |   FF   |   LUT  | URAM|
+-----------------+---------+-----+--------+--------+-----+
|DSP              |        -|    -|       -|       -|    -|
|Expression       |        -|    -|       0|     150|    -|
|FIFO             |        -|    -|       -|       -|    -|
|Instance         |        -|    8|     334|     102|    -|
|Memory           |        -|    -|       -|       -|    -|
|Multiplexer      |        -|    -|       -|      33|    -|
|Register         |        -|    -|     200|       -|    -|
+-----------------+---------+-----+--------+--------+-----+
|Total            |        0|    8|     534|     285|    0|
+-----------------+---------+-----+--------+--------+-----+
|Available        |      730|  740|  269200|  134600|    0|
+-----------------+---------+-----+--------+--------+-----+
|Utilization (%)  |        0|    1|      ~0|      ~0|    0|
+-----------------+---------+-----+--------+--------+-----+

+ Detail: 
    * Instance: 
    +-----------------------+--------------------+---------+----+-----+----+-----+
    |        Instance       |       Module       | BRAM_18K| DSP|  FF | LUT| URAM|
    +-----------------------+--------------------+---------+----+-----+----+-----+
    |mul_32s_32s_48_2_1_U1  |mul_32s_32s_48_2_1  |        0|   4|  165|  50|    0|
    |mul_33s_32s_48_2_1_U2  |mul_33s_32s_48_2_1  |        0|   4|  169|  52|    0|
    +-----------------------+--------------------+---------+----+-----+----+-----+
    |Total                  |                    |        0|   8|  334| 102|    0|
    +-----------------------+--------------------+---------+----+-----+----+-----+

    * DSP: 
    N/A

    * Memory: 
    N/A

    * FIFO: 
    N/A

    * Expression: 
    +---------------------+----------+----+---+----+------------+------------+
    |    Variable Name    | Operation| DSP| FF| LUT| Bitwidth P0| Bitwidth P1|
    +---------------------+----------+----+---+----+------------+------------+
    |add_ln14_fu_133_p2   |         +|   0|  0|  55|          48|          48|
    |sub_ln5_1_fu_102_p2  |         -|   0|  0|  55|           1|          48|
    |sub_ln5_fu_87_p2     |         -|   0|  0|  40|          33|          33|
    +---------------------+----------+----+---+----+------------+------------+
    |Total                |          |   0|  0| 150|          82|         129|
    +---------------------+----------+----+---+----+------------+------------+

    * Multiplexer: 
    +-----------+----+-----------+-----+-----------+
    |    Name   | LUT| Input Size| Bits| Total Bits|
    +-----------+----+-----------+-----+-----------+
    |ap_NS_fsm  |  33|          8|    1|          8|
    +-----------+----+-----------+-----+-----------+
    |Total      |  33|          8|    1|          8|
    +-----------+----+-----------+-----+-----------+

    * Register: 
    +--------------------------+----+----+-----+-----------+
    |           Name           | FF | LUT| Bits| Const Bits|
    +--------------------------+----+----+-----+-----------+
    |ap_CS_fsm                 |   7|   0|    7|          0|
    |derivative_reg_174        |  32|   0|   32|          0|
    |mul_ln14_reg_189          |  48|   0|   48|          0|
    |mul_ln5_reg_169           |  48|   0|   48|          0|
    |sub_ln5_reg_154           |  33|   0|   33|          0|
    |temperature_read_reg_149  |  32|   0|   32|          0|
    +--------------------------+----+----+-----+-----------+
    |Total                     | 200|   0|  200|          0|
    +--------------------------+----+----+-----+-----------+



================================================================
== Interface
================================================================
* Summary: 
+----------------------+-----+-----+------------+-------------------+--------------+
|       RTL Ports      | Dir | Bits|  Protocol  |   Source Object   |    C Type    |
+----------------------+-----+-----+------------+-------------------+--------------+
|ap_clk                |   in|    1|  ap_ctrl_hs|       solveCooling|  return value|
|ap_rst                |   in|    1|  ap_ctrl_hs|       solveCooling|  return value|
|ap_start              |   in|    1|  ap_ctrl_hs|       solveCooling|  return value|
|ap_done               |  out|    1|  ap_ctrl_hs|       solveCooling|  return value|
|ap_idle               |  out|    1|  ap_ctrl_hs|       solveCooling|  return value|
|ap_ready              |  out|    1|  ap_ctrl_hs|       solveCooling|  return value|
|temperature_i         |   in|   32|     ap_ovld|        temperature|       pointer|
|temperature_o         |  out|   32|     ap_ovld|        temperature|       pointer|
|temperature_o_ap_vld  |  out|    1|     ap_ovld|        temperature|       pointer|
|mediumTemperature     |   in|   32|     ap_none|  mediumTemperature|       pointer|
|coolingConstant       |   in|   32|     ap_none|    coolingConstant|       pointer|
|timeStep              |   in|   32|     ap_none|           timeStep|       pointer|
+----------------------+-----+-----+------------+-------------------+--------------+

